
> automation-master-class@1.0.0 test
> cucumber-js features/**/*.feature

node.exe : This Node.js version (v24.11.1) has not been tested with this version of Cucumber; it should work 
normally, but please raise an issue if you see anything unexpected.
No linha:1 caractere:1
+ & "C:\Program Files\nodejs/node.exe" "C:\Users\(-_-)\AppData\Roaming\ ...
+ ~~~~~~~~~~~~~~~~~~~~~~~~~~~~~~~~~~~~~~~~~~~~~~~~~~~~~~~~~~~~~~~~~~~~~
    + CategoryInfo          : NotSpecified: (This Node.js ve...ing unexpected.:String) [], RemoteException
    + FullyQualifiedErrorId : NativeCommandError
 
`publishQuiet` option is no longer needed, you can remove it from your configuration; see 
https://github.com/cucumber/cucumber-js/blob/main/docs/deprecations.md
Cannot use 'progress-bar' formatter for output to 'stdout' as not a TTY. Switching to 'progress' formatter.
--- INICIANDO SU├ìTE DE TESTES ---

>>> Iniciando novo cen├írio...
..[API] Criando reserva no Restful Booker...
..[PASS] Reserva criada com ID: 3453
.[UI] Navegando para https://www.saucedemo.com/...
[UI] Realizando login com o usu├írio: standard_user
.[PASS] Login realizado com sucesso no SauceDemo!
.[PASS] Item 1 validado: Sauce Labs Backpack ($29.99)
[PASS] Item 2 validado: Sauce Labs Bike Light ($9.99)
[PASS] Item 3 validado: Sauce Labs Bolt T-Shirt ($15.99)
[PASS] Item 4 validado: Sauce Labs Fleece Jacket ($49.99)
[PASS] Item 5 validado: Sauce Labs Onesie ($7.99)
[PASS] Item 6 validado: Test.allTheThings() T-Shirt (Red) ($15.99)
.[PASS] Produto 1 adicionado ao carrinho.
[PASS] Produto 2 adicionado ao carrinho.
[PASS] Produto 3 adicionado ao carrinho.
F<<< Finalizando cen├írio.
[DEBUG] Teste falhou! Screenshot salva em: 
./reports/fail-Realizar_reserva_de_hotel_e_validar_processamento_ass├¡ncrono.png
-----.
--- SU├ìTE DE TESTES FINALIZADA ---


Failures:

1) Scenario: Realizar reserva de hotel e validar processamento ass├¡ncrono # features\order_flow.feature:12
   ÔêÜ Before # ..\..\..\..\..\-_-\.gemini\antigravity\scratch\automation-master-class\node_modules\@cucumber\cucumber\lib\support_code_library_builder\get_definition_line_and_uri.js:14
   ÔêÜ Dado que eu tenha as credenciais de um usu├írio padr├úo # ..\..\..\..\..\-_-\.gemini\antigravity\scratch\automation-master-class\node_modules\@cucumber\cucumber\lib\support_code_library_builder\get_definition_line_and_uri.js:14
   ÔêÜ Quando eu enviar uma requisi├º├úo para criar uma reserva no "Restful Booker" # ..\..\..\..\..\-_-\.gemini\antigravity\scratch\automation-master-class\node_modules\@cucumber\cucumber\lib\support_code_library_builder\get_definition_line_and_uri.js:14
   ÔêÜ Ent├úo a API deve retornar o c├│digo de status 200 (Sucesso) # ..\..\..\..\..\-_-\.gemini\antigravity\scratch\automation-master-class\node_modules\@cucumber\cucumber\lib\support_code_library_builder\get_definition_line_and_uri.js:14
   ÔêÜ E os dados da reserva devem estar corretos no retorno # ..\..\..\..\..\-_-\.gemini\antigravity\scratch\automation-master-class\node_modules\@cucumber\cucumber\lib\support_code_library_builder\get_definition_line_and_uri.js:14
   ÔêÜ Quando eu realizar o login no portal "SauceDemo" com as mesmas credenciais # ..\..\..\..\..\-_-\.gemini\antigravity\scratch\automation-master-class\node_modules\@cucumber\cucumber\lib\support_code_library_builder\get_definition_line_and_uri.js:14
   ÔêÜ Ent├úo eu devo visualizar a p├ígina de produtos com sucesso # ..\..\..\..\..\-_-\.gemini\antigravity\scratch\automation-master-class\node_modules\@cucumber\cucumber\lib\support_code_library_builder\get_definition_line_and_uri.js:14
   ÔêÜ E a vitrine deve exibir 6 produtos com pre├ºos e nomes v├ílidos # ..\..\..\..\..\-_-\.gemini\antigravity\scratch\automation-master-class\node_modules\@cucumber\cucumber\lib\support_code_library_builder\get_definition_line_and_uri.js:14
   ├ù Quando eu adicionar todos os produtos da vitrine ao carrinho # ..\..\..\..\..\-_-\.gemini\antigravity\scratch\automation-master-class\node_modules\@cucumber\cucumber\lib\support_code_library_builder\get_definition_line_and_uri.js:14
       Error: function timed out, ensure the promise resolves within 30000 milliseconds
           at Timeout.<anonymous> (C:\Users\(-_-)\.gemini\antigravity\scratch\automation-master-class\node_modules\@cucumber\cucumber\lib\time.js:54:20)
           at listOnTimeout (node:internal/timers:605:17)
           at process.processTimers (node:internal/timers:541:7)
   - Ent├úo o contador do carrinho deve exibir "6" # ..\..\..\..\..\-_-\.gemini\antigravity\scratch\automation-master-class\node_modules\@cucumber\cucumber\lib\support_code_library_builder\get_definition_line_and_uri.js:14
   - Quando eu realizar o checkout do pedido com meus dados # ..\..\..\..\..\-_-\.gemini\antigravity\scratch\automation-master-class\node_modules\@cucumber\cucumber\lib\support_code_library_builder\get_definition_line_and_uri.js:14
   - Ent├úo eu devo visualizar a mensagem de confirma├º├úo "Thank you for your order!" # ..\..\..\..\..\-_-\.gemini\antigravity\scratch\automation-master-class\node_modules\@cucumber\cucumber\lib\support_code_library_builder\get_definition_line_and_uri.js:14
   - Quando eu enviar um sinal de novo pedido para o microservi├ºo de ordens com o ID "ORD-123" # ..\..\..\..\..\-_-\.gemini\antigravity\scratch\automation-master-class\node_modules\@cucumber\cucumber\lib\support_code_library_builder\get_definition_line_and_uri.js:14
   - Ent├úo eu devo validar que a mensagem do pedido "ORD-123" chegou na fila SQS "orders-queue" # ..\..\..\..\..\-_-\.gemini\antigravity\scratch\automation-master-class\node_modules\@cucumber\cucumber\lib\support_code_library_builder\get_definition_line_and_uri.js:14
   ÔêÜ After # ..\..\..\..\..\-_-\.gemini\antigravity\scratch\automation-master-class\node_modules\@cucumber\cucumber\lib\support_code_library_builder\get_definition_line_and_uri.js:14

1 scenario (1 failed)
13 steps (1 failed, 5 skipped, 7 passed)
0m34.658s (executing steps: 0m32.546s)
